2026-08-26T21:41:45.895640Z  INFO herdr::logging: herdr starting event="app.startup" subsystem="client" outcome="started" pid=8811
2026-08-26T21:41:45.895664Z  INFO herdr::client: connecting to server path=/home/simon/.config/herdr/herdr-client.sock
2026-08-26T21:41:45.896354Z  INFO herdr::client: handshake succeeded version=20 encoding=SemanticFrame
2026-08-26T21:41:54.109539Z  INFO herdr::logging: herdr exiting event="app.shutdown" subsystem="client" outcome="completed" pid=8811
2026-09-09T11:01:21.886182Z  INFO herdr::logging: herdr starting event="app.startup" subsystem="client" outcome="started" pid=20154
2026-09-09T11:01:21.886265Z  INFO herdr::client: connecting to server path=/home/simon/.config/herdr/herdr-client.sock
2026-09-09T11:01:22.116192Z  INFO herdr::client: handshake succeeded version=20 encoding=SemanticFrame
2026-09-09T11:03:10.808841Z  INFO herdr::logging: herdr exiting event="app.shutdown" subsystem="client" outcome="completed" pid=20154
2026-09-10T10:10:14.965895Z  INFO herdr::logging: herdr starting event="app.startup" subsystem="client" outcome="started" pid=27386
2026-09-10T10:10:14.965962Z  INFO herdr::client: connecting to server path=/home/simon/.config/herdr/herdr-client.sock
2026-09-10T10:10:15.185072Z  INFO herdr::client::handshake: endpoint handshake succeeded generation=1 server_version=0.9.0
2026-09-10T10:10:19.430825Z  INFO herdr::logging: herdr exiting event="app.shutdown" subsystem="client" outcome="completed" pid=27386
2026-09-10T10:20:06.987806Z  INFO herdr::logging: herdr starting event="app.startup" subsystem="client" outcome="started" pid=29946
2026-09-10T10:20:06.987912Z  INFO herdr::client: connecting to server path=/home/simon/.config/herdr/herdr-client.sock
2026-09-10T10:20:07.041701Z  INFO herdr::client::handshake: endpoint handshake succeeded generation=1 server_version=0.9.0
2026-09-10T10:20:17.972285Z  WARN herdr::raw_input: flushing lone escape after input timeout; if this follows an alt chord or focus switch it may reach the pane as plain esc bytes=[27]
2026-09-10T10:20:17.972507Z  WARN herdr::raw_input: flushing lone escape after input timeout; if this follows an alt chord or focus switch it may reach the pane as plain esc bytes=[27]
2026-09-10T10:20:19.764987Z  WARN herdr::raw_input: flushing lone escape after input timeout; if this follows an alt chord or focus switch it may reach the pane as plain esc bytes=[27]
2026-09-10T10:20:20.826076Z  INFO herdr::logging: herdr exiting event="app.shutdown" subsystem="client" outcome="completed" pid=29946
2026-09-10T10:26:57.651937Z  INFO herdr::logging: herdr starting event="app.startup" subsystem="client" outcome="started" pid=30654
2026-09-10T10:26:57.652049Z  INFO herdr::client: connecting to server path=/home/simon/.config/herdr/herdr-client.sock
2026-09-10T10:26:57.775691Z  INFO herdr::client::handshake: endpoint handshake succeeded generation=1 server_version=0.9.0
2026-09-10T10:27:04.649595Z  INFO herdr::logging: herdr exiting event="app.shutdown" subsystem="client" outcome="completed" pid=30654
2026-09-10T10:27:24.011919Z  INFO herdr::logging: herdr starting event="app.startup" subsystem="client" outcome="started" pid=30932
2026-09-10T10:27:24.012004Z  INFO herdr::client: connecting to server path=/home/simon/.config/herdr/herdr-client.sock
2026-09-10T10:27:24.256329Z  INFO herdr::client::handshake: endpoint handshake succeeded generation=1 server_version=0.9.0
2026-09-10T10:28:19.014641Z  INFO herdr::logging: herdr exiting event="app.shutdown" subsystem="client" outcome="completed" pid=30932
2026-09-10T10:28:45.321913Z  INFO herdr::logging: herdr starting event="app.startup" subsystem="client" outcome="started" pid=32160
2026-09-10T10:28:45.321996Z  INFO herdr::client: connecting to server path=/home/simon/.config/herdr/herdr-client.sock
2026-09-10T10:28:45.568818Z  INFO herdr::client::handshake: endpoint handshake succeeded generation=1 server_version=0.9.0
2026-09-13T14:47:15.396073Z  INFO herdr::logging: herdr exiting event="app.shutdown" subsystem="client" outcome="completed" pid=32160
2026-09-13T14:47:42.076017Z  INFO herdr::logging: herdr starting event="app.startup" subsystem="client" outcome="started" pid=78525
2026-09-13T14:47:42.076159Z  INFO herdr::client: connecting to server path=/home/simon/.config/herdr/herdr-client.sock
2026-09-13T14:47:42.326902Z  INFO herdr::client::handshake: endpoint handshake succeeded generation=1 server_version=0.9.0
2026-09-13T16:17:15.106532Z  INFO herdr::logging: herdr starting event="app.startup" subsystem="client" outcome="started" pid=6927
2026-09-13T16:17:15.106785Z  INFO herdr::client: connecting to server path=/home/simon/.config/herdr/herdr-client.sock
2026-09-13T16:17:15.350694Z  INFO herdr::client::handshake: endpoint handshake succeeded generation=1 server_version=0.9.0
